INFO 2025-11-20 22:19:41,197 - Log file initialized. Processor: Intel64 Family 6 Model 158 Stepping 10, GenuineIntel [22:19:41 - 20.11]
INFO 2025-11-20 22:19:41,922 - Уведомление о запуске успешно отправлено.
INFO 2025-11-20 22:19:41,924 - Start polling
INFO 2025-11-20 22:19:42,115 - Run polling for bot @Notif7777777777bot id=5115482447 - 'Notif7777777777'
INFO 2025-11-20 22:19:47,041 - Update id=779390959 is handled. Duration 719 ms by bot id=5115482447
INFO 2025-11-20 22:19:49,126 - Update id=779390960 is handled. Duration 172 ms by bot id=5115482447
INFO 2025-11-20 22:20:07,916 - Update id=779390961 is handled. Duration 13219 ms by bot id=5115482447
INFO 2025-11-20 22:20:12,096 - Update id=779390962 is handled. Duration 266 ms by bot id=5115482447
INFO 2025-11-20 22:20:13,603 - Update id=779390963 is handled. Duration 266 ms by bot id=5115482447
INFO 2025-11-20 22:20:34,131 - Update id=779390964 is handled. Duration 703 ms by bot id=5115482447
INFO 2025-11-20 22:20:44,504 - Update id=779390965 is handled. Duration 234 ms by bot id=5115482447
INFO 2025-11-20 22:20:47,864 - Update id=779390966 is handled. Duration 421 ms by bot id=5115482447
INFO 2025-11-20 22:20:53,677 - Update id=779390967 is handled. Duration 4327 ms by bot id=5115482447
INFO 2025-11-20 22:21:14,413 - Update id=779390968 is handled. Duration 484 ms by bot id=5115482447
INFO 2025-11-20 22:21:28,082 - Update id=779390969 is handled. Duration 12265 ms by bot id=5115482447
INFO 2025-11-20 22:21:37,218 - Update id=779390970 is handled. Duration 313 ms by bot id=5115482447
INFO 2025-11-20 22:21:40,487 - Update id=779390971 is handled. Duration 202 ms by bot id=5115482447
INFO 2025-11-20 22:21:50,009 - Update id=779390972 is handled. Duration 188 ms by bot id=5115482447
INFO 2025-11-20 22:21:51,854 - Update id=779390973 is handled. Duration 217 ms by bot id=5115482447
INFO 2025-11-20 22:21:55,130 - Update id=779390974 is handled. Duration 188 ms by bot id=5115482447
INFO 2025-11-20 22:21:57,178 - Update id=779390975 is handled. Duration 202 ms by bot id=5115482447
INFO 2025-11-20 22:22:01,990 - Update id=779390976 is handled. Duration 202 ms by bot id=5115482447
